Welcome to Git (version 1.9.0-preview20140217)


Run 'git help git' to display the help index.
Run 'git help <command>' to display help for specific commands.

josrigby@SEA-1201021268 ~/Documents/programming/assignments/git (master)
$ cd "Assignment 3 Branching and Merging"

josrigby@SEA-1201021268 ~/Documents/programming/assignments/git/Assignment 3 Bra
nching and Merging (master)
$ git init
Initialized empty Git repository in c:/Users/josrigby/Documents/programming/assi
gnments/git/Assignment 3 Branching and Merging/.git/

josrigby@SEA-1201021268 ~/Documents/programming/assignments/git/Assignment 3 Bra
nching and Merging (master)
$ git status
On branch master

Initial commit

Untracked files:
  (use "git add <file>..." to include in what will be committed)

        animals-q-c-640-480-3.jpg
        index.html
        nature-q-c-640-480-2.jpg
        nature-q-c-640-480-8.jpg

nothing added to commit but untracked files present (use "git add" to track)

josrigby@SEA-1201021268 ~/Documents/programming/assignments/git/Assignment 3 Bra
nching and Merging (master)
$ git add .

josrigby@SEA-1201021268 ~/Documents/programming/assignments/git/Assignment 3 Bra
nching and Merging (master)
$ git commit -m "Initial commit"
[master (root-commit) d333f27] Initial commit
 4 files changed, 17 insertions(+)
 create mode 100644 animals-q-c-640-480-3.jpg
 create mode 100644 index.html
 create mode 100644 nature-q-c-640-480-2.jpg
 create mode 100644 nature-q-c-640-480-8.jpg

josrigby@SEA-1201021268 ~/Documents/programming/assignments/git/Assignment 3 Bra
nching and Merging (master)
$ git checkout -b add-css
Switched to a new branch 'add-css'

josrigby@SEA-1201021268 ~/Documents/programming/assignments/git/Assignment 3 Bra
nching and Merging (add-css)
$ git status
On branch add-css
Changes not staged for commit:
  (use "git add <file>..." to update what will be committed)
  (use "git checkout -- <file>..." to discard changes in working directory)

        modified:   index.html

no changes added to commit (use "git add" and/or "git commit -a")

josrigby@SEA-1201021268 ~/Documents/programming/assignments/git/Assignment 3 Bra
nching and Merging (add-css)
$ git add .

josrigby@SEA-1201021268 ~/Documents/programming/assignments/git/Assignment 3 Bra
nching and Merging (add-css)
$ git commit -m "added in more css"
[add-css 9cc84cd] added in more css
 1 file changed, 3 insertions(+)

josrigby@SEA-1201021268 ~/Documents/programming/assignments/git/Assignment 3 Bra
nching and Merging (add-css)
$ git checkout master
Switched to branch 'master'

josrigby@SEA-1201021268 ~/Documents/programming/assignments/git/Assignment 3 Bra
nching and Merging (master)
$ git merge add-css
Updating d333f27..9cc84cd
Fast-forward
 index.html | 3 +++
 1 file changed, 3 insertions(+)

josrigby@SEA-1201021268 ~/Documents/programming/assignments/git/Assignment 3 Bra
nching and Merging (master)
$ cd ..

josrigby@SEA-1201021268 ~/Documents/programming/assignments/git (master)
$ cd basic_repo

josrigby@SEA-1201021268 ~/Documents/programming/assignments/git/basic_repo (mast
er)
$ git init
Initialized empty Git repository in c:/Users/josrigby/Documents/programming/assi
gnments/git/basic_repo/.git/

josrigby@SEA-1201021268 ~/Documents/programming/assignments/git/basic_repo (mast
er)
$ git add .

josrigby@SEA-1201021268 ~/Documents/programming/assignments/git/basic_repo (mast
er)
$ git commit -m "Initial commit"
[master (root-commit) ba9939b] Initial commit
 5 files changed, 19 insertions(+)
 create mode 100644 animals-q-c-640-480-3.jpg
 create mode 100644 index.html
 create mode 100644 nature-q-c-640-480-2.jpg
 create mode 100644 nature-q-c-640-480-8.jpg
 create mode 100644 styles.css

josrigby@SEA-1201021268 ~/Documents/programming/assignments/git/basic_repo (mast
er)
$ git remote add origin https://github.com/rigbyj/basic_repo.git

josrigby@SEA-1201021268 ~/Documents/programming/assignments/git/basic_repo (mast
er)
$ git push -u origin master
Username for 'https://github.com': 
Password for 'https://@github.com':
Counting objects: 7, done.
Delta compression using up to 4 threads.
Compressing objects: 100% (7/7), done.
Writing objects: 100% (7/7), 146.77 KiB | 0 bytes/s, done.
Total 7 (delta 0), reused 0 (delta 0)
To https://github.com/rigbyj/basic_repo.git
 * [new branch]      master -> master
Branch master set up to track remote branch master from origin.

josrigby@SEA-1201021268 ~/Documents/programming/assignments/git/basic_repo (mast
er)
$ touch basic_repo_text.txt

josrigby@SEA-1201021268 ~/Documents/programming/assignments/git/basic_repo (mast
er)
$